WARN (translation.language): source/blender/blentranslation/intern/blt_lang.cc:214 BLT_lang_init: Falling back to standard locale ("C")
Info: Saved as "yorimichi-keeper.blend"
Warning: No mesh data to join
INFO Draco mesh compression is available, use library at /Users/xiaruonan/nihongo-art-work/toolchain/Blender.app/Contents/Resources/4.5/scripts/addons_core/io_scene_gltf2/libextern_draco.dylib
11:36:33 | INFO: Starting glTF 2.0 export
11:36:33 | WARNING: Armature must be the parent of skinned meshArmature is selected by its name, but may be false in case of instances
11:36:33 | WARNING: Armature must be the parent of skinned meshArmature is selected by its name, but may be false in case of instances
11:36:33 | WARNING: Armature must be the parent of skinned meshArmature is selected by its name, but may be false in case of instances
11:36:33 | WARNING: Armature must be the parent of skinned meshArmature is selected by its name, but may be false in case of instances
11:36:33 | WARNING: Armature must be the parent of skinned meshArmature is selected by its name, but may be false in case of instances
11:36:33 | WARNING: Armature must be the parent of skinned meshArmature is selected by its name, but may be false in case of instances
11:36:33 | WARNING: Armature must be the parent of skinned meshArmature is selected by its name, but may be false in case of instances
11:36:33 | WARNING: Armature must be the parent of skinned meshArmature is selected by its name, but may be false in case of instances
11:36:33 | WARNING: Armature must be the parent of skinned meshArmature is selected by its name, but may be false in case of instances
11:36:33 | WARNING: Armature must be the parent of skinned meshArmature is selected by its name, but may be false in case of instances
11:36:33 | WARNING: Armature must be the parent of skinned meshArmature is selected by its name, but may be false in case of instances
11:36:33 | WARNING: Armature must be the parent of skinned meshArmature is selected by its name, but may be false in case of instances
11:36:33 | WARNING: Armature must be the parent of skinned meshArmature is selected by its name, but may be false in case of instances
11:36:33 | INFO: Extracting primitive: Shirt torso
11:36:33 | INFO: Primitives created: 1
11:36:33 | INFO: Extracting primitive: Neck
11:36:33 | INFO: Primitives created: 1
11:36:33 | INFO: Extracting primitive: Eyebrow
11:36:34 | INFO: Primitives created: 1
11:36:34 | INFO: Extracting primitive: Simplified eye
11:36:34 | INFO: Primitives created: 1
11:36:34 | INFO: Extracting primitive: Gentle smile
11:36:34 | INFO: Primitives created: 1
11:36:34 | INFO: Extracting primitive: Subtle hair flow
11:36:34 | INFO: Primitives created: 1
11:36:34 | INFO: Extracting primitive: Trouser L
11:36:34 | INFO: Primitives created: 1
11:36:34 | INFO: Extracting primitive: Canvas shoe L
11:36:34 | INFO: Primitives created: 1
11:36:34 | INFO: Extracting primitive: Shoe sole L
11:36:34 | INFO: Primitives created: 1
11:36:34 | INFO: Extracting primitive: Shoe stitch
11:36:34 | INFO: Primitives created: 1
11:36:34 | INFO: Extracting primitive: Tailored apron
11:36:34 | INFO: Primitives created: 1
11:36:34 | INFO: Extracting primitive: Sphere
11:36:34 | INFO: Primitives created: 1
11:36:34 | INFO: Extracting primitive: Sphere.002
11:36:34 | INFO: Primitives created: 1
11:36:36 | INFO: Finished glTF 2.0 export in 2.43501615524292 s

KEEPER_EXPORTED
Pruned unused attributes: yorimichi-keeper.glb 2037716 -> 1708484 bytes
Blender 4.5.9 LTS (hash 8bf95cbd38d1 built 2026-04-21 01:30:47)

Blender quit
